Analysis & Synthesis report for ESM
Tue Feb 04 00:24:27 2025
Quartus Prime Version 20.1.1 Build 720 11/11/2020 SJ Lite Edition


---------------------
; Table of Contents ;
---------------------
  1. Legal Notice
  2. Analysis & Synthesis Summary
  3. Analysis & Synthesis Settings
  4. Parallel Compilation
  5. Analysis & Synthesis Source Files Read
  6. Analysis & Synthesis Resource Usage Summary
  7. Analysis & Synthesis Resource Utilization by Entity
  8. Analysis & Synthesis RAM Summary
  9. General Register Statistics
 10. Inverted Register Statistics
 11. Registers Packed Into Inferred Megafunctions
 12. Multiplexer Restructuring Statistics (Restructuring Performed)
 13. Source assignments for Instr_Buffer:buffer|altsyncram:buffer_rtl_0|altsyncram_1c81:auto_generated
 14. Parameter Settings for User Entity Instance: Top-level Entity: |ESM
 15. Parameter Settings for User Entity Instance: Instr_Buffer:buffer
 16. Parameter Settings for User Entity Instance: ESM_core:core
 17. Parameter Settings for User Entity Instance: ESM_core:core|ESM_core_IDA:IDA_core
 18. Parameter Settings for User Entity Instance: ESM_core:core|ESM_core_IDA:IDA_core|IRT:irt
 19. Parameter Settings for User Entity Instance: ESM_core:core|ESM_core_IDA:IDA_core|IDT:idt
 20. Parameter Settings for User Entity Instance: ESM_core:core|ESM_core_IIM:IIM_core
 21. Parameter Settings for User Entity Instance: ESM_core:core|ESM_core_IIM:IIM_core|candidate_list:c_list
 22. Parameter Settings for User Entity Instance: ESM_core:core|ESM_core_IIM:IIM_core|mapping_table:m_table
 23. Parameter Settings for Inferred Entity Instance: Instr_Buffer:buffer|altsyncram:buffer_rtl_0
 24. Parameter Settings for Inferred Entity Instance: ESM_core:core|ESM_core_IIM:IIM_core|mapping_table:m_table|lpm_divide:Mod0
 25. altsyncram Parameter Settings by Entity Instance
 26. Port Connectivity Checks: "ESM_core:core|ESM_core_IIM:IIM_core|PRNG:random_num"
 27. Post-Synthesis Netlist Statistics for Top Partition
 28. Elapsed Time Per Partition
 29. Analysis & Synthesis Messages



----------------
; Legal Notice ;
----------------
Copyright (C) 2020  Intel Corporation. All rights reserved.
Your use of Intel Corporation's design tools, logic functions 
and other software and tools, and any partner logic 
functions, and any output files from any of the foregoing 
(including device programming or simulation files), and any 
associated documentation or information are expressly subject 
to the terms and conditions of the Intel Program License 
Subscription Agreement, the Intel Quartus Prime License Agreement,
the Intel FPGA IP License Agreement, or other applicable license
agreement, including, without limitation, that your use is for
the sole purpose of programming logic devices manufactured by
Intel and sold by Intel or its authorized distributors.  Please
refer to the applicable agreement for further details, at
https://fpgasoftware.intel.com/eula.



+----------------------------------------------------------------------------------+
; Analysis & Synthesis Summary                                                     ;
+------------------------------------+---------------------------------------------+
; Analysis & Synthesis Status        ; Successful - Tue Feb 04 00:24:26 2025       ;
; Quartus Prime Version              ; 20.1.1 Build 720 11/11/2020 SJ Lite Edition ;
; Revision Name                      ; ESM                                         ;
; Top-level Entity Name              ; ESM                                         ;
; Family                             ; Cyclone IV E                                ;
; Total logic elements               ; 3,480                                       ;
;     Total combinational functions  ; 2,504                                       ;
;     Dedicated logic registers      ; 1,433                                       ;
; Total registers                    ; 1433                                        ;
; Total pins                         ; 68                                          ;
; Total virtual pins                 ; 0                                           ;
; Total memory bits                  ; 512                                         ;
; Embedded Multiplier 9-bit elements ; 0                                           ;
; Total PLLs                         ; 0                                           ;
+------------------------------------+---------------------------------------------+


+------------------------------------------------------------------------------------------------------------+
; Analysis & Synthesis Settings                                                                              ;
+------------------------------------------------------------------+--------------------+--------------------+
; Option                                                           ; Setting            ; Default Value      ;
+------------------------------------------------------------------+--------------------+--------------------+
; Top-level entity name                                            ; ESM                ; ESM                ;
; Family name                                                      ; Cyclone IV E       ; Cyclone V          ;
; Use smart compilation                                            ; Off                ; Off                ;
; Enable parallel Assembler and Timing Analyzer during compilation ; On                 ; On                 ;
; Enable compact report table                                      ; Off                ; Off                ;
; Restructure Multiplexers                                         ; Auto               ; Auto               ;
; Create Debugging Nodes for IP Cores                              ; Off                ; Off                ;
; Preserve fewer node names                                        ; On                 ; On                 ;
; Intel FPGA IP Evaluation Mode                                    ; Enable             ; Enable             ;
; Verilog Version                                                  ; Verilog_2001       ; Verilog_2001       ;
; VHDL Version                                                     ; VHDL_1993          ; VHDL_1993          ;
; State Machine Processing                                         ; Auto               ; Auto               ;
; Safe State Machine                                               ; Off                ; Off                ;
; Extract Verilog State Machines                                   ; On                 ; On                 ;
; Extract VHDL State Machines                                      ; On                 ; On                 ;
; Ignore Verilog initial constructs                                ; Off                ; Off                ;
; Iteration limit for constant Verilog loops                       ; 5000               ; 5000               ;
; Iteration limit for non-constant Verilog loops                   ; 250                ; 250                ;
; Add Pass-Through Logic to Inferred RAMs                          ; On                 ; On                 ;
; Infer RAMs from Raw Logic                                        ; On                 ; On                 ;
; Parallel Synthesis                                               ; On                 ; On                 ;
; DSP Block Balancing                                              ; Auto               ; Auto               ;
; NOT Gate Push-Back                                               ; On                 ; On                 ;
; Power-Up Don't Care                                              ; On                 ; On                 ;
; Remove Redundant Logic Cells                                     ; Off                ; Off                ;
; Remove Duplicate Registers                                       ; On                 ; On                 ;
; Ignore CARRY Buffers                                             ; Off                ; Off                ;
; Ignore CASCADE Buffers                                           ; Off                ; Off                ;
; Ignore GLOBAL Buffers                                            ; Off                ; Off                ;
; Ignore ROW GLOBAL Buffers                                        ; Off                ; Off                ;
; Ignore LCELL Buffers                                             ; Off                ; Off                ;
; Ignore SOFT Buffers                                              ; On                 ; On                 ;
; Limit AHDL Integers to 32 Bits                                   ; Off                ; Off                ;
; Optimization Technique                                           ; Balanced           ; Balanced           ;
; Carry Chain Length                                               ; 70                 ; 70                 ;
; Auto Carry Chains                                                ; On                 ; On                 ;
; Auto Open-Drain Pins                                             ; On                 ; On                 ;
; Perform WYSIWYG Primitive Resynthesis                            ; Off                ; Off                ;
; Auto ROM Replacement                                             ; On                 ; On                 ;
; Auto RAM Replacement                                             ; On                 ; On                 ;
; Auto DSP Block Replacement                                       ; On                 ; On                 ;
; Auto Shift Register Replacement                                  ; Auto               ; Auto               ;
; Allow Shift Register Merging across Hierarchies                  ; Auto               ; Auto               ;
; Auto Clock Enable Replacement                                    ; On                 ; On                 ;
; Strict RAM Replacement                                           ; Off                ; Off                ;
; Allow Synchronous Control Signals                                ; On                 ; On                 ;
; Force Use of Synchronous Clear Signals                           ; Off                ; Off                ;
; Auto RAM Block Balancing                                         ; On                 ; On                 ;
; Auto RAM to Logic Cell Conversion                                ; Off                ; Off                ;
; Auto Resource Sharing                                            ; Off                ; Off                ;
; Allow Any RAM Size For Recognition                               ; Off                ; Off                ;
; Allow Any ROM Size For Recognition                               ; Off                ; Off                ;
; Allow Any Shift Register Size For Recognition                    ; Off                ; Off                ;
; Use LogicLock Constraints during Resource Balancing              ; On                 ; On                 ;
; Ignore translate_off and synthesis_off directives                ; Off                ; Off                ;
; Timing-Driven Synthesis                                          ; On                 ; On                 ;
; Report Parameter Settings                                        ; On                 ; On                 ;
; Report Source Assignments                                        ; On                 ; On                 ;
; Report Connectivity Checks                                       ; On                 ; On                 ;
; Ignore Maximum Fan-Out Assignments                               ; Off                ; Off                ;
; Synchronization Register Chain Length                            ; 2                  ; 2                  ;
; Power Optimization During Synthesis                              ; Normal compilation ; Normal compilation ;
; HDL message level                                                ; Level2             ; Level2             ;
; Suppress Register Optimization Related Messages                  ; Off                ; Off                ;
; Number of Removed Registers Reported in Synthesis Report         ; 5000               ; 5000               ;
; Number of Swept Nodes Reported in Synthesis Report               ; 5000               ; 5000               ;
; Number of Inverted Registers Reported in Synthesis Report        ; 100                ; 100                ;
; Clock MUX Protection                                             ; On                 ; On                 ;
; Auto Gated Clock Conversion                                      ; Off                ; Off                ;
; Block Design Naming                                              ; Auto               ; Auto               ;
; SDC constraint protection                                        ; Off                ; Off                ;
; Synthesis Effort                                                 ; Auto               ; Auto               ;
; Shift Register Replacement - Allow Asynchronous Clear Signal     ; On                 ; On                 ;
; Pre-Mapping Resynthesis Optimization                             ; Off                ; Off                ;
; Analysis & Synthesis Message Level                               ; Medium             ; Medium             ;
; Disable Register Merging Across Hierarchies                      ; Auto               ; Auto               ;
; Resource Aware Inference For Block RAM                           ; On                 ; On                 ;
+------------------------------------------------------------------+--------------------+--------------------+


+------------------------------------------+
; Parallel Compilation                     ;
+----------------------------+-------------+
; Processors                 ; Number      ;
+----------------------------+-------------+
; Number detected on machine ; 8           ;
; Maximum allowed            ; 4           ;
;                            ;             ;
; Average used               ; 1.00        ;
; Maximum used               ; 4           ;
;                            ;             ;
; Usage by Processor         ; % Time Used ;
;     Processor 1            ; 100.0%      ;
;     Processor 2            ;   0.1%      ;
;     Processor 3            ;   0.1%      ;
;     Processor 4            ;   0.1%      ;
+----------------------------+-------------+


+------------------------------------------------------------------------------------------------------------------------------------------------------------------------------------------------+
; Analysis & Synthesis Source Files Read                                                                                                                                                         ;
+----------------------------------+-----------------+------------------------------+--------------------------------------------------------------------------------------------------+---------+
; File Name with User-Entered Path ; Used in Netlist ; File Type                    ; File Name with Absolute Path                                                                     ; Library ;
+----------------------------------+-----------------+------------------------------+--------------------------------------------------------------------------------------------------+---------+
; code/PRNG.v                      ; yes             ; User Verilog HDL File        ; C:/Users/nawaz/OneDrive/Desktop/pdf/winter intern/ESM-module/quarturs/code/PRNG.v                ;         ;
; code/mapping_table.v             ; yes             ; User Verilog HDL File        ; C:/Users/nawaz/OneDrive/Desktop/pdf/winter intern/ESM-module/quarturs/code/mapping_table.v       ;         ;
; code/IRT.v                       ; yes             ; User Verilog HDL File        ; C:/Users/nawaz/OneDrive/Desktop/pdf/winter intern/ESM-module/quarturs/code/IRT.v                 ;         ;
; code/Instr_Buffer.v              ; yes             ; User Verilog HDL File        ; C:/Users/nawaz/OneDrive/Desktop/pdf/winter intern/ESM-module/quarturs/code/Instr_Buffer.v        ;         ;
; code/IDT.v                       ; yes             ; User Verilog HDL File        ; C:/Users/nawaz/OneDrive/Desktop/pdf/winter intern/ESM-module/quarturs/code/IDT.v                 ;         ;
; code/ESM_core_IIM.v              ; yes             ; User Verilog HDL File        ; C:/Users/nawaz/OneDrive/Desktop/pdf/winter intern/ESM-module/quarturs/code/ESM_core_IIM.v        ;         ;
; code/ESM_core_IDA.v              ; yes             ; User Verilog HDL File        ; C:/Users/nawaz/OneDrive/Desktop/pdf/winter intern/ESM-module/quarturs/code/ESM_core_IDA.v        ;         ;
; code/ESM_core.v                  ; yes             ; User Verilog HDL File        ; C:/Users/nawaz/OneDrive/Desktop/pdf/winter intern/ESM-module/quarturs/code/ESM_core.v            ;         ;
; code/ESM.v                       ; yes             ; User Verilog HDL File        ; C:/Users/nawaz/OneDrive/Desktop/pdf/winter intern/ESM-module/quarturs/code/ESM.v                 ;         ;
; code/candidate_list.v            ; yes             ; User Verilog HDL File        ; C:/Users/nawaz/OneDrive/Desktop/pdf/winter intern/ESM-module/quarturs/code/candidate_list.v      ;         ;
; altsyncram.tdf                   ; yes             ; Megafunction                 ; c:/intelfpga_lite/20.1/quartus/libraries/megafunctions/altsyncram.tdf                            ;         ;
; stratix_ram_block.inc            ; yes             ; Megafunction                 ; c:/intelfpga_lite/20.1/quartus/libraries/megafunctions/stratix_ram_block.inc                     ;         ;
; lpm_mux.inc                      ; yes             ; Megafunction                 ; c:/intelfpga_lite/20.1/quartus/libraries/megafunctions/lpm_mux.inc                               ;         ;
; lpm_decode.inc                   ; yes             ; Megafunction                 ; c:/intelfpga_lite/20.1/quartus/libraries/megafunctions/lpm_decode.inc                            ;         ;
; aglobal201.inc                   ; yes             ; Megafunction                 ; c:/intelfpga_lite/20.1/quartus/libraries/megafunctions/aglobal201.inc                            ;         ;
; a_rdenreg.inc                    ; yes             ; Megafunction                 ; c:/intelfpga_lite/20.1/quartus/libraries/megafunctions/a_rdenreg.inc                             ;         ;
; altrom.inc                       ; yes             ; Megafunction                 ; c:/intelfpga_lite/20.1/quartus/libraries/megafunctions/altrom.inc                                ;         ;
; altram.inc                       ; yes             ; Megafunction                 ; c:/intelfpga_lite/20.1/quartus/libraries/megafunctions/altram.inc                                ;         ;
; altdpram.inc                     ; yes             ; Megafunction                 ; c:/intelfpga_lite/20.1/quartus/libraries/megafunctions/altdpram.inc                              ;         ;
; db/altsyncram_1c81.tdf           ; yes             ; Auto-Generated Megafunction  ; C:/Users/nawaz/OneDrive/Desktop/pdf/winter intern/ESM-module/quarturs/db/altsyncram_1c81.tdf     ;         ;
; lpm_divide.tdf                   ; yes             ; Megafunction                 ; c:/intelfpga_lite/20.1/quartus/libraries/megafunctions/lpm_divide.tdf                            ;         ;
; abs_divider.inc                  ; yes             ; Megafunction                 ; c:/intelfpga_lite/20.1/quartus/libraries/megafunctions/abs_divider.inc                           ;         ;
; sign_div_unsign.inc              ; yes             ; Megafunction                 ; c:/intelfpga_lite/20.1/quartus/libraries/megafunctions/sign_div_unsign.inc                       ;         ;
; db/lpm_divide_i9m.tdf            ; yes             ; Auto-Generated Megafunction  ; C:/Users/nawaz/OneDrive/Desktop/pdf/winter intern/ESM-module/quarturs/db/lpm_divide_i9m.tdf      ;         ;
; db/sign_div_unsign_7kh.tdf       ; yes             ; Auto-Generated Megafunction  ; C:/Users/nawaz/OneDrive/Desktop/pdf/winter intern/ESM-module/quarturs/db/sign_div_unsign_7kh.tdf ;         ;
; db/alt_u_div_24f.tdf             ; yes             ; Auto-Generated Megafunction  ; C:/Users/nawaz/OneDrive/Desktop/pdf/winter intern/ESM-module/quarturs/db/alt_u_div_24f.tdf       ;         ;
; db/add_sub_7pc.tdf               ; yes             ; Auto-Generated Megafunction  ; C:/Users/nawaz/OneDrive/Desktop/pdf/winter intern/ESM-module/quarturs/db/add_sub_7pc.tdf         ;         ;
; db/add_sub_8pc.tdf               ; yes             ; Auto-Generated Megafunction  ; C:/Users/nawaz/OneDrive/Desktop/pdf/winter intern/ESM-module/quarturs/db/add_sub_8pc.tdf         ;         ;
+----------------------------------+-----------------+------------------------------+--------------------------------------------------------------------------------------------------+---------+


+---------------------------------------------------------+
; Analysis & Synthesis Resource Usage Summary             ;
+---------------------------------------------+-----------+
; Resource                                    ; Usage     ;
+---------------------------------------------+-----------+
; Estimated Total logic elements              ; 3,480     ;
;                                             ;           ;
; Total combinational functions               ; 2504      ;
; Logic element usage by number of LUT inputs ;           ;
;     -- 4 input functions                    ; 2007      ;
;     -- 3 input functions                    ; 112       ;
;     -- <=2 input functions                  ; 385       ;
;                                             ;           ;
; Logic elements by mode                      ;           ;
;     -- normal mode                          ; 2497      ;
;     -- arithmetic mode                      ; 7         ;
;                                             ;           ;
; Total registers                             ; 1433      ;
;     -- Dedicated logic registers            ; 1433      ;
;     -- I/O registers                        ; 0         ;
;                                             ;           ;
; I/O pins                                    ; 68        ;
; Total memory bits                           ; 512       ;
;                                             ;           ;
; Embedded Multiplier 9-bit elements          ; 0         ;
;                                             ;           ;
; Maximum fan-out node                        ; clk~input ;
; Maximum fan-out                             ; 1465      ;
; Total fan-out                               ; 14761     ;
; Average fan-out                             ; 3.60      ;
+---------------------------------------------+-----------+


+----------------------------------------------------------------------------------------------------------------------------------------------------------------------------------------------------------------------------------------------------------------------------------------------------------------------------------------------------------------------------------+
; Analysis & Synthesis Resource Utilization by Entity                                                                                                                                                                                                                                                                                                                              ;
+-------------------------------------------------+---------------------+---------------------------+-------------+--------------+---------+-----------+------+--------------+----------------------------------------------------------------------------------------------------------------------------------------------------------------+---------------------+--------------+
; Compilation Hierarchy Node                      ; Combinational ALUTs ; Dedicated Logic Registers ; Memory Bits ; DSP Elements ; DSP 9x9 ; DSP 18x18 ; Pins ; Virtual Pins ; Full Hierarchy Name                                                                                                                                            ; Entity Name         ; Library Name ;
+-------------------------------------------------+---------------------+---------------------------+-------------+--------------+---------+-----------+------+--------------+----------------------------------------------------------------------------------------------------------------------------------------------------------------+---------------------+--------------+
; |ESM                                            ; 2504 (0)            ; 1433 (0)                  ; 512         ; 0            ; 0       ; 0         ; 68   ; 0            ; |ESM                                                                                                                                                           ; ESM                 ; work         ;
;    |ESM_core:core|                              ; 2440 (0)            ; 1416 (0)                  ; 0           ; 0            ; 0       ; 0         ; 0    ; 0            ; |ESM|ESM_core:core                                                                                                                                             ; ESM_core            ; work         ;
;       |ESM_core_IDA:IDA_core|                   ; 1828 (10)           ; 1296 (0)                  ; 0           ; 0            ; 0       ; 0         ; 0    ; 0            ; |ESM|ESM_core:core|ESM_core_IDA:IDA_core                                                                                                                       ; ESM_core_IDA        ; work         ;
;          |IDT:idt|                              ; 336 (336)           ; 256 (256)                 ; 0           ; 0            ; 0       ; 0         ; 0    ; 0            ; |ESM|ESM_core:core|ESM_core_IDA:IDA_core|IDT:idt                                                                                                               ; IDT                 ; work         ;
;          |IRT:irt|                              ; 1482 (1482)         ; 1040 (1040)               ; 0           ; 0            ; 0       ; 0         ; 0    ; 0            ; |ESM|ESM_core:core|ESM_core_IDA:IDA_core|IRT:irt                                                                                                               ; IRT                 ; work         ;
;       |ESM_core_IIM:IIM_core|                   ; 612 (0)             ; 120 (0)                   ; 0           ; 0            ; 0       ; 0         ; 0    ; 0            ; |ESM|ESM_core:core|ESM_core_IIM:IIM_core                                                                                                                       ; ESM_core_IIM        ; work         ;
;          |PRNG:random_num|                      ; 36 (36)             ; 32 (32)                   ; 0           ; 0            ; 0       ; 0         ; 0    ; 0            ; |ESM|ESM_core:core|ESM_core_IIM:IIM_core|PRNG:random_num                                                                                                       ; PRNG                ; work         ;
;          |candidate_list:c_list|                ; 0 (0)               ; 16 (16)                   ; 0           ; 0            ; 0       ; 0         ; 0    ; 0            ; |ESM|ESM_core:core|ESM_core_IIM:IIM_core|candidate_list:c_list                                                                                                 ; candidate_list      ; work         ;
;          |mapping_table:m_table|                ; 576 (560)           ; 72 (72)                   ; 0           ; 0            ; 0       ; 0         ; 0    ; 0            ; |ESM|ESM_core:core|ESM_core_IIM:IIM_core|mapping_table:m_table                                                                                                 ; mapping_table       ; work         ;
;             |lpm_divide:Mod0|                   ; 16 (0)              ; 0 (0)                     ; 0           ; 0            ; 0       ; 0         ; 0    ; 0            ; |ESM|ESM_core:core|ESM_core_IIM:IIM_core|mapping_table:m_table|lpm_divide:Mod0                                                                                 ; lpm_divide          ; work         ;
;                |lpm_divide_i9m:auto_generated|  ; 16 (0)              ; 0 (0)                     ; 0           ; 0            ; 0       ; 0         ; 0    ; 0            ; |ESM|ESM_core:core|ESM_core_IIM:IIM_core|mapping_table:m_table|lpm_divide:Mod0|lpm_divide_i9m:auto_generated                                                   ; lpm_divide_i9m      ; work         ;
;                   |sign_div_unsign_7kh:divider| ; 16 (0)              ; 0 (0)                     ; 0           ; 0            ; 0       ; 0         ; 0    ; 0            ; |ESM|ESM_core:core|ESM_core_IIM:IIM_core|mapping_table:m_table|lpm_divide:Mod0|lpm_divide_i9m:auto_generated|sign_div_unsign_7kh:divider                       ; sign_div_unsign_7kh ; work         ;
;                      |alt_u_div_24f:divider|    ; 16 (16)             ; 0 (0)                     ; 0           ; 0            ; 0       ; 0         ; 0    ; 0            ; |ESM|ESM_core:core|ESM_core_IIM:IIM_core|mapping_table:m_table|lpm_divide:Mod0|lpm_divide_i9m:auto_generated|sign_div_unsign_7kh:divider|alt_u_div_24f:divider ; alt_u_div_24f       ; work         ;
;    |Instr_Buffer:buffer|                        ; 64 (64)             ; 17 (17)                   ; 512         ; 0            ; 0       ; 0         ; 0    ; 0            ; |ESM|Instr_Buffer:buffer                                                                                                                                       ; Instr_Buffer        ; work         ;
;       |altsyncram:buffer_rtl_0|                 ; 0 (0)               ; 0 (0)                     ; 512         ; 0            ; 0       ; 0         ; 0    ; 0            ; |ESM|Instr_Buffer:buffer|altsyncram:buffer_rtl_0                                                                                                               ; altsyncram          ; work         ;
;          |altsyncram_1c81:auto_generated|       ; 0 (0)               ; 0 (0)                     ; 512         ; 0            ; 0       ; 0         ; 0    ; 0            ; |ESM|Instr_Buffer:buffer|altsyncram:buffer_rtl_0|altsyncram_1c81:auto_generated                                                                                ; altsyncram_1c81     ; work         ;
+-------------------------------------------------+---------------------+---------------------------+-------------+--------------+---------+-----------+------+--------------+----------------------------------------------------------------------------------------------------------------------------------------------------------------+---------------------+--------------+
Note: For table entries with two numbers listed, the numbers in parentheses indicate the number of resources of the given type used by the specific entity alone. The numbers listed outside of parentheses indicate the total resources of the given type used by the specific entity and all of its sub-entities in the hierarchy.


+--------------------------------------------------------------------------------------------------------------------------------------------------------------------------------------+
; Analysis & Synthesis RAM Summary                                                                                                                                                     ;
+---------------------------------------------------------------------------------------+------+-------------+--------------+--------------+--------------+--------------+------+------+
; Name                                                                                  ; Type ; Mode        ; Port A Depth ; Port A Width ; Port B Depth ; Port B Width ; Size ; MIF  ;
+---------------------------------------------------------------------------------------+------+-------------+--------------+--------------+--------------+--------------+------+------+
; Instr_Buffer:buffer|altsyncram:buffer_rtl_0|altsyncram_1c81:auto_generated|ALTSYNCRAM ; AUTO ; Single Port ; 16           ; 32           ; --           ; --           ; 512  ; None ;
+---------------------------------------------------------------------------------------+------+-------------+--------------+--------------+--------------+--------------+------+------+


+------------------------------------------------------+
; General Register Statistics                          ;
+----------------------------------------------+-------+
; Statistic                                    ; Value ;
+----------------------------------------------+-------+
; Total registers                              ; 1433  ;
; Number of registers using Synchronous Clear  ; 0     ;
; Number of registers using Synchronous Load   ; 0     ;
; Number of registers using Asynchronous Clear ; 1433  ;
; Number of registers using Asynchronous Load  ; 0     ;
; Number of registers using Clock Enable       ; 1296  ;
; Number of registers using Preset             ; 0     ;
+----------------------------------------------+-------+


+------------------------------------------------------------------------+
; Inverted Register Statistics                                           ;
+--------------------------------------------------------------+---------+
; Inverted Register                                            ; Fan out ;
+--------------------------------------------------------------+---------+
; ESM_core:core|ESM_core_IIM:IIM_core|PRNG:random_num|q[1]     ; 3       ;
; ESM_core:core|ESM_core_IIM:IIM_core|PRNG:random_num|q[3]     ; 4       ;
; ESM_core:core|ESM_core_IDA:IDA_core|IDT:idt|IDT_table[2][15] ; 1       ;
; ESM_core:core|ESM_core_IDA:IDA_core|IDT:idt|IDT_table[2][14] ; 1       ;
; ESM_core:core|ESM_core_IDA:IDA_core|IDT:idt|IDT_table[2][13] ; 1       ;
; ESM_core:core|ESM_core_IDA:IDA_core|IDT:idt|IDT_table[2][12] ; 1       ;
; ESM_core:core|ESM_core_IDA:IDA_core|IDT:idt|IDT_table[2][11] ; 1       ;
; ESM_core:core|ESM_core_IDA:IDA_core|IDT:idt|IDT_table[2][10] ; 1       ;
; ESM_core:core|ESM_core_IDA:IDA_core|IDT:idt|IDT_table[2][9]  ; 1       ;
; ESM_core:core|ESM_core_IDA:IDA_core|IDT:idt|IDT_table[2][8]  ; 1       ;
; ESM_core:core|ESM_core_IDA:IDA_core|IDT:idt|IDT_table[2][7]  ; 1       ;
; ESM_core:core|ESM_core_IDA:IDA_core|IDT:idt|IDT_table[2][6]  ; 1       ;
; ESM_core:core|ESM_core_IDA:IDA_core|IDT:idt|IDT_table[2][5]  ; 1       ;
; ESM_core:core|ESM_core_IDA:IDA_core|IDT:idt|IDT_table[2][4]  ; 1       ;
; ESM_core:core|ESM_core_IDA:IDA_core|IDT:idt|IDT_table[2][3]  ; 1       ;
; ESM_core:core|ESM_core_IDA:IDA_core|IDT:idt|IDT_table[2][2]  ; 1       ;
; ESM_core:core|ESM_core_IDA:IDA_core|IDT:idt|IDT_table[2][1]  ; 1       ;
; ESM_core:core|ESM_core_IDA:IDA_core|IDT:idt|IDT_table[2][0]  ; 1       ;
; ESM_core:core|ESM_core_IDA:IDA_core|IDT:idt|IDT_table[1][15] ; 1       ;
; ESM_core:core|ESM_core_IDA:IDA_core|IDT:idt|IDT_table[1][14] ; 1       ;
; ESM_core:core|ESM_core_IDA:IDA_core|IDT:idt|IDT_table[1][13] ; 1       ;
; ESM_core:core|ESM_core_IDA:IDA_core|IDT:idt|IDT_table[1][12] ; 1       ;
; ESM_core:core|ESM_core_IDA:IDA_core|IDT:idt|IDT_table[1][11] ; 1       ;
; ESM_core:core|ESM_core_IDA:IDA_core|IDT:idt|IDT_table[1][10] ; 1       ;
; ESM_core:core|ESM_core_IDA:IDA_core|IDT:idt|IDT_table[1][9]  ; 1       ;
; ESM_core:core|ESM_core_IDA:IDA_core|IDT:idt|IDT_table[1][8]  ; 1       ;
; ESM_core:core|ESM_core_IDA:IDA_core|IDT:idt|IDT_table[1][7]  ; 1       ;
; ESM_core:core|ESM_core_IDA:IDA_core|IDT:idt|IDT_table[1][6]  ; 1       ;
; ESM_core:core|ESM_core_IDA:IDA_core|IDT:idt|IDT_table[1][5]  ; 1       ;
; ESM_core:core|ESM_core_IDA:IDA_core|IDT:idt|IDT_table[1][4]  ; 1       ;
; ESM_core:core|ESM_core_IDA:IDA_core|IDT:idt|IDT_table[1][3]  ; 1       ;
; ESM_core:core|ESM_core_IDA:IDA_core|IDT:idt|IDT_table[1][2]  ; 1       ;
; ESM_core:core|ESM_core_IDA:IDA_core|IDT:idt|IDT_table[1][1]  ; 1       ;
; ESM_core:core|ESM_core_IDA:IDA_core|IDT:idt|IDT_table[1][0]  ; 1       ;
; ESM_core:core|ESM_core_IDA:IDA_core|IDT:idt|IDT_table[0][15] ; 1       ;
; ESM_core:core|ESM_core_IDA:IDA_core|IDT:idt|IDT_table[0][14] ; 1       ;
; ESM_core:core|ESM_core_IDA:IDA_core|IDT:idt|IDT_table[0][13] ; 1       ;
; ESM_core:core|ESM_core_IDA:IDA_core|IDT:idt|IDT_table[0][12] ; 1       ;
; ESM_core:core|ESM_core_IDA:IDA_core|IDT:idt|IDT_table[0][11] ; 1       ;
; ESM_core:core|ESM_core_IDA:IDA_core|IDT:idt|IDT_table[0][10] ; 1       ;
; ESM_core:core|ESM_core_IDA:IDA_core|IDT:idt|IDT_table[0][9]  ; 1       ;
; ESM_core:core|ESM_core_IDA:IDA_core|IDT:idt|IDT_table[0][8]  ; 1       ;
; ESM_core:core|ESM_core_IDA:IDA_core|IDT:idt|IDT_table[0][7]  ; 1       ;
; ESM_core:core|ESM_core_IDA:IDA_core|IDT:idt|IDT_table[0][6]  ; 1       ;
; ESM_core:core|ESM_core_IDA:IDA_core|IDT:idt|IDT_table[0][5]  ; 1       ;
; ESM_core:core|ESM_core_IDA:IDA_core|IDT:idt|IDT_table[0][4]  ; 1       ;
; ESM_core:core|ESM_core_IDA:IDA_core|IDT:idt|IDT_table[0][3]  ; 1       ;
; ESM_core:core|ESM_core_IDA:IDA_core|IDT:idt|IDT_table[0][2]  ; 1       ;
; ESM_core:core|ESM_core_IDA:IDA_core|IDT:idt|IDT_table[0][1]  ; 1       ;
; ESM_core:core|ESM_core_IDA:IDA_core|IDT:idt|IDT_table[0][0]  ; 1       ;
; ESM_core:core|ESM_core_IDA:IDA_core|IDT:idt|IDT_table[3][15] ; 1       ;
; ESM_core:core|ESM_core_IDA:IDA_core|IDT:idt|IDT_table[3][14] ; 1       ;
; ESM_core:core|ESM_core_IDA:IDA_core|IDT:idt|IDT_table[3][13] ; 1       ;
; ESM_core:core|ESM_core_IDA:IDA_core|IDT:idt|IDT_table[3][12] ; 1       ;
; ESM_core:core|ESM_core_IDA:IDA_core|IDT:idt|IDT_table[3][11] ; 1       ;
; ESM_core:core|ESM_core_IDA:IDA_core|IDT:idt|IDT_table[3][10] ; 1       ;
; ESM_core:core|ESM_core_IDA:IDA_core|IDT:idt|IDT_table[3][9]  ; 1       ;
; ESM_core:core|ESM_core_IDA:IDA_core|IDT:idt|IDT_table[3][8]  ; 1       ;
; ESM_core:core|ESM_core_IDA:IDA_core|IDT:idt|IDT_table[3][7]  ; 1       ;
; ESM_core:core|ESM_core_IDA:IDA_core|IDT:idt|IDT_table[3][6]  ; 1       ;
; ESM_core:core|ESM_core_IDA:IDA_core|IDT:idt|IDT_table[3][5]  ; 1       ;
; ESM_core:core|ESM_core_IDA:IDA_core|IDT:idt|IDT_table[3][4]  ; 1       ;
; ESM_core:core|ESM_core_IDA:IDA_core|IDT:idt|IDT_table[3][3]  ; 1       ;
; ESM_core:core|ESM_core_IDA:IDA_core|IDT:idt|IDT_table[3][2]  ; 1       ;
; ESM_core:core|ESM_core_IDA:IDA_core|IDT:idt|IDT_table[3][1]  ; 1       ;
; ESM_core:core|ESM_core_IDA:IDA_core|IDT:idt|IDT_table[3][0]  ; 1       ;
; ESM_core:core|ESM_core_IDA:IDA_core|IDT:idt|IDT_table[4][15] ; 1       ;
; ESM_core:core|ESM_core_IDA:IDA_core|IDT:idt|IDT_table[4][14] ; 1       ;
; ESM_core:core|ESM_core_IDA:IDA_core|IDT:idt|IDT_table[4][13] ; 1       ;
; ESM_core:core|ESM_core_IDA:IDA_core|IDT:idt|IDT_table[4][12] ; 1       ;
; ESM_core:core|ESM_core_IDA:IDA_core|IDT:idt|IDT_table[4][11] ; 1       ;
; ESM_core:core|ESM_core_IDA:IDA_core|IDT:idt|IDT_table[4][10] ; 1       ;
; ESM_core:core|ESM_core_IDA:IDA_core|IDT:idt|IDT_table[4][9]  ; 1       ;
; ESM_core:core|ESM_core_IDA:IDA_core|IDT:idt|IDT_table[4][8]  ; 1       ;
; ESM_core:core|ESM_core_IDA:IDA_core|IDT:idt|IDT_table[4][7]  ; 1       ;
; ESM_core:core|ESM_core_IDA:IDA_core|IDT:idt|IDT_table[4][6]  ; 1       ;
; ESM_core:core|ESM_core_IDA:IDA_core|IDT:idt|IDT_table[4][5]  ; 1       ;
; ESM_core:core|ESM_core_IDA:IDA_core|IDT:idt|IDT_table[4][4]  ; 1       ;
; ESM_core:core|ESM_core_IDA:IDA_core|IDT:idt|IDT_table[4][3]  ; 1       ;
; ESM_core:core|ESM_core_IDA:IDA_core|IDT:idt|IDT_table[4][2]  ; 1       ;
; ESM_core:core|ESM_core_IDA:IDA_core|IDT:idt|IDT_table[4][1]  ; 1       ;
; ESM_core:core|ESM_core_IDA:IDA_core|IDT:idt|IDT_table[4][0]  ; 1       ;
; ESM_core:core|ESM_core_IDA:IDA_core|IDT:idt|IDT_table[5][15] ; 1       ;
; ESM_core:core|ESM_core_IDA:IDA_core|IDT:idt|IDT_table[5][14] ; 1       ;
; ESM_core:core|ESM_core_IDA:IDA_core|IDT:idt|IDT_table[5][13] ; 1       ;
; ESM_core:core|ESM_core_IDA:IDA_core|IDT:idt|IDT_table[5][12] ; 1       ;
; ESM_core:core|ESM_core_IDA:IDA_core|IDT:idt|IDT_table[5][11] ; 1       ;
; ESM_core:core|ESM_core_IDA:IDA_core|IDT:idt|IDT_table[5][10] ; 1       ;
; ESM_core:core|ESM_core_IDA:IDA_core|IDT:idt|IDT_table[5][9]  ; 1       ;
; ESM_core:core|ESM_core_IDA:IDA_core|IDT:idt|IDT_table[5][8]  ; 1       ;
; ESM_core:core|ESM_core_IDA:IDA_core|IDT:idt|IDT_table[5][7]  ; 1       ;
; ESM_core:core|ESM_core_IDA:IDA_core|IDT:idt|IDT_table[5][6]  ; 1       ;
; ESM_core:core|ESM_core_IDA:IDA_core|IDT:idt|IDT_table[5][5]  ; 1       ;
; ESM_core:core|ESM_core_IDA:IDA_core|IDT:idt|IDT_table[5][4]  ; 1       ;
; ESM_core:core|ESM_core_IDA:IDA_core|IDT:idt|IDT_table[5][3]  ; 1       ;
; ESM_core:core|ESM_core_IDA:IDA_core|IDT:idt|IDT_table[5][2]  ; 1       ;
; ESM_core:core|ESM_core_IDA:IDA_core|IDT:idt|IDT_table[5][1]  ; 1       ;
; ESM_core:core|ESM_core_IDA:IDA_core|IDT:idt|IDT_table[5][0]  ; 1       ;
; ESM_core:core|ESM_core_IDA:IDA_core|IDT:idt|IDT_table[7][15] ; 1       ;
; ESM_core:core|ESM_core_IDA:IDA_core|IDT:idt|IDT_table[7][14] ; 1       ;
; Total number of inverted registers = 1296*                   ;         ;
+--------------------------------------------------------------+---------+
* Table truncated at 100 items. To change the number of inverted registers reported, set the "Number of Inverted Registers Reported" option under Assignments->Settings->Analysis and Synthesis Settings->More Settings


+--------------------------------------------------------------------------------+
; Registers Packed Into Inferred Megafunctions                                   ;
+--------------------------------------+----------------------------------+------+
; Register Name                        ; Megafunction                     ; Type ;
+--------------------------------------+----------------------------------+------+
; Instr_Buffer:buffer|Instr_out[0..31] ; Instr_Buffer:buffer|buffer_rtl_0 ; RAM  ;
+--------------------------------------+----------------------------------+------+


+----------------------------------------------------------------------------------------------------------------------------------------------------------------------------------------------+
; Multiplexer Restructuring Statistics (Restructuring Performed)                                                                                                                               ;
+--------------------+-----------+---------------+----------------------+------------------------+------------+--------------------------------------------------------------------------------+
; Multiplexer Inputs ; Bus Width ; Baseline Area ; Area if Restructured ; Saving if Restructured ; Registered ; Example Multiplexer Output                                                     ;
+--------------------+-----------+---------------+----------------------+------------------------+------------+--------------------------------------------------------------------------------+
; 17:1               ; 4 bits    ; 44 LEs        ; 44 LEs               ; 0 LEs                  ; Yes        ; |ESM|ESM_core:core|ESM_core_IIM:IIM_core|mapping_table:m_table|buffer_index[0] ;
; 32:1               ; 16 bits   ; 336 LEs       ; 336 LEs              ; 0 LEs                  ; No         ; |ESM|ESM_core:core|ESM_core_IDA:IDA_core|IRT:irt|Mux15                         ;
; 32:1               ; 16 bits   ; 336 LEs       ; 336 LEs              ; 0 LEs                  ; No         ; |ESM|ESM_core:core|ESM_core_IDA:IDA_core|IRT:irt|Mux19                         ;
; 32:1               ; 32 bits   ; 672 LEs       ; 672 LEs              ; 0 LEs                  ; No         ; |ESM|ESM_core:core|ESM_core_IDA:IDA_core|IRT:irt|Mux47                         ;
; 9:1                ; 4 bits    ; 24 LEs        ; 24 LEs               ; 0 LEs                  ; No         ; |ESM|ESM_core:core|ESM_core_IIM:IIM_core|mapping_table:m_table|map_table       ;
; 9:1                ; 4 bits    ; 24 LEs        ; 24 LEs               ; 0 LEs                  ; No         ; |ESM|ESM_core:core|ESM_core_IIM:IIM_core|mapping_table:m_table|map_table       ;
; 9:1                ; 4 bits    ; 24 LEs        ; 24 LEs               ; 0 LEs                  ; No         ; |ESM|ESM_core:core|ESM_core_IIM:IIM_core|mapping_table:m_table|map_table       ;
; 9:1                ; 4 bits    ; 24 LEs        ; 24 LEs               ; 0 LEs                  ; No         ; |ESM|ESM_core:core|ESM_core_IIM:IIM_core|mapping_table:m_table|map_table       ;
; 9:1                ; 4 bits    ; 24 LEs        ; 24 LEs               ; 0 LEs                  ; No         ; |ESM|ESM_core:core|ESM_core_IIM:IIM_core|mapping_table:m_table|map_table       ;
; 9:1                ; 4 bits    ; 24 LEs        ; 24 LEs               ; 0 LEs                  ; No         ; |ESM|ESM_core:core|ESM_core_IIM:IIM_core|mapping_table:m_table|map_table       ;
; 9:1                ; 4 bits    ; 24 LEs        ; 24 LEs               ; 0 LEs                  ; No         ; |ESM|ESM_core:core|ESM_core_IIM:IIM_core|mapping_table:m_table|map_table       ;
; 10:1               ; 4 bits    ; 24 LEs        ; 24 LEs               ; 0 LEs                  ; No         ; |ESM|ESM_core:core|ESM_core_IIM:IIM_core|mapping_table:m_table|map_table       ;
; 13:1               ; 4 bits    ; 32 LEs        ; 32 LEs               ; 0 LEs                  ; No         ; |ESM|ESM_core:core|ESM_core_IIM:IIM_core|mapping_table:m_table|map_table       ;
; 13:1               ; 4 bits    ; 32 LEs        ; 32 LEs               ; 0 LEs                  ; No         ; |ESM|ESM_core:core|ESM_core_IIM:IIM_core|mapping_table:m_table|map_table       ;
; 13:1               ; 4 bits    ; 32 LEs        ; 32 LEs               ; 0 LEs                  ; No         ; |ESM|ESM_core:core|ESM_core_IIM:IIM_core|mapping_table:m_table|map_table       ;
; 13:1               ; 4 bits    ; 32 LEs        ; 32 LEs               ; 0 LEs                  ; No         ; |ESM|ESM_core:core|ESM_core_IIM:IIM_core|mapping_table:m_table|map_table       ;
; 14:1               ; 4 bits    ; 36 LEs        ; 36 LEs               ; 0 LEs                  ; No         ; |ESM|ESM_core:core|ESM_core_IIM:IIM_core|mapping_table:m_table|map_table       ;
; 15:1               ; 4 bits    ; 40 LEs        ; 40 LEs               ; 0 LEs                  ; No         ; |ESM|ESM_core:core|ESM_core_IIM:IIM_core|mapping_table:m_table|map_table       ;
; 16:1               ; 4 bits    ; 40 LEs        ; 40 LEs               ; 0 LEs                  ; No         ; |ESM|ESM_core:core|ESM_core_IIM:IIM_core|mapping_table:m_table|map_table       ;
; 17:1               ; 4 bits    ; 44 LEs        ; 44 LEs               ; 0 LEs                  ; No         ; |ESM|ESM_core:core|ESM_core_IIM:IIM_core|mapping_table:m_table|map_table       ;
+--------------------+-----------+---------------+----------------------+------------------------+------------+--------------------------------------------------------------------------------+


+---------------------------------------------------------------------------------------------------+
; Source assignments for Instr_Buffer:buffer|altsyncram:buffer_rtl_0|altsyncram_1c81:auto_generated ;
+---------------------------------+--------------------+------+-------------------------------------+
; Assignment                      ; Value              ; From ; To                                  ;
+---------------------------------+--------------------+------+-------------------------------------+
; OPTIMIZE_POWER_DURING_SYNTHESIS ; NORMAL_COMPILATION ; -    ; -                                   ;
+---------------------------------+--------------------+------+-------------------------------------+


+---------------------------------------------------------------------+
; Parameter Settings for User Entity Instance: Top-level Entity: |ESM ;
+-----------------+-------+-------------------------------------------+
; Parameter Name  ; Value ; Type                                      ;
+-----------------+-------+-------------------------------------------+
; Instr_word_size ; 32    ; Signed Integer                            ;
; regnum          ; 32    ; Signed Integer                            ;
; bs              ; 16    ; Signed Integer                            ;
+-----------------+-------+-------------------------------------------+
Note: In order to hide this table in the UI and the text report file, please set the "Show Parameter Settings in Synthesis Report" option in "Analysis and Synthesis Settings -> More Settings" to "Off".


+------------------------------------------------------------------+
; Parameter Settings for User Entity Instance: Instr_Buffer:buffer ;
+-----------------+-------+----------------------------------------+
; Parameter Name  ; Value ; Type                                   ;
+-----------------+-------+----------------------------------------+
; Instr_word_size ; 32    ; Signed Integer                         ;
; bs              ; 16    ; Signed Integer                         ;
+-----------------+-------+----------------------------------------+
Note: In order to hide this table in the UI and the text report file, please set the "Show Parameter Settings in Synthesis Report" option in "Analysis and Synthesis Settings -> More Settings" to "Off".


+------------------------------------------------------------+
; Parameter Settings for User Entity Instance: ESM_core:core ;
+-----------------+-------+----------------------------------+
; Parameter Name  ; Value ; Type                             ;
+-----------------+-------+----------------------------------+
; Instr_word_size ; 32    ; Signed Integer                   ;
; regnum          ; 32    ; Signed Integer                   ;
; bs              ; 16    ; Signed Integer                   ;
+-----------------+-------+----------------------------------+
Note: In order to hide this table in the UI and the text report file, please set the "Show Parameter Settings in Synthesis Report" option in "Analysis and Synthesis Settings -> More Settings" to "Off".


+----------------------------------------------------------------------------------+
; Parameter Settings for User Entity Instance: ESM_core:core|ESM_core_IDA:IDA_core ;
+-----------------+-------+--------------------------------------------------------+
; Parameter Name  ; Value ; Type                                                   ;
+-----------------+-------+--------------------------------------------------------+
; Instr_word_size ; 32    ; Signed Integer                                         ;
; regnum          ; 32    ; Signed Integer                                         ;
; bs              ; 16    ; Signed Integer                                         ;
+-----------------+-------+--------------------------------------------------------+
Note: In order to hide this table in the UI and the text report file, please set the "Show Parameter Settings in Synthesis Report" option in "Analysis and Synthesis Settings -> More Settings" to "Off".


+------------------------------------------------------------------------------------------+
; Parameter Settings for User Entity Instance: ESM_core:core|ESM_core_IDA:IDA_core|IRT:irt ;
+----------------+-------+-----------------------------------------------------------------+
; Parameter Name ; Value ; Type                                                            ;
+----------------+-------+-----------------------------------------------------------------+
; regnum         ; 32    ; Signed Integer                                                  ;
; bs             ; 16    ; Signed Integer                                                  ;
+----------------+-------+-----------------------------------------------------------------+
Note: In order to hide this table in the UI and the text report file, please set the "Show Parameter Settings in Synthesis Report" option in "Analysis and Synthesis Settings -> More Settings" to "Off".


+------------------------------------------------------------------------------------------+
; Parameter Settings for User Entity Instance: ESM_core:core|ESM_core_IDA:IDA_core|IDT:idt ;
+----------------+-------+-----------------------------------------------------------------+
; Parameter Name ; Value ; Type                                                            ;
+----------------+-------+-----------------------------------------------------------------+
; bs             ; 16    ; Signed Integer                                                  ;
+----------------+-------+-----------------------------------------------------------------+
Note: In order to hide this table in the UI and the text report file, please set the "Show Parameter Settings in Synthesis Report" option in "Analysis and Synthesis Settings -> More Settings" to "Off".


+----------------------------------------------------------------------------------+
; Parameter Settings for User Entity Instance: ESM_core:core|ESM_core_IIM:IIM_core ;
+----------------+-------+---------------------------------------------------------+
; Parameter Name ; Value ; Type                                                    ;
+----------------+-------+---------------------------------------------------------+
; bs             ; 16    ; Signed Integer                                          ;
+----------------+-------+---------------------------------------------------------+
Note: In order to hide this table in the UI and the text report file, please set the "Show Parameter Settings in Synthesis Report" option in "Analysis and Synthesis Settings -> More Settings" to "Off".


+--------------------------------------------------------------------------------------------------------+
; Parameter Settings for User Entity Instance: ESM_core:core|ESM_core_IIM:IIM_core|candidate_list:c_list ;
+----------------+-------+-------------------------------------------------------------------------------+
; Parameter Name ; Value ; Type                                                                          ;
+----------------+-------+-------------------------------------------------------------------------------+
; bs             ; 16    ; Signed Integer                                                                ;
+----------------+-------+-------------------------------------------------------------------------------+
Note: In order to hide this table in the UI and the text report file, please set the "Show Parameter Settings in Synthesis Report" option in "Analysis and Synthesis Settings -> More Settings" to "Off".


+--------------------------------------------------------------------------------------------------------+
; Parameter Settings for User Entity Instance: ESM_core:core|ESM_core_IIM:IIM_core|mapping_table:m_table ;
+----------------+-------+-------------------------------------------------------------------------------+
; Parameter Name ; Value ; Type                                                                          ;
+----------------+-------+-------------------------------------------------------------------------------+
; bs             ; 16    ; Signed Integer                                                                ;
+----------------+-------+-------------------------------------------------------------------------------+
Note: In order to hide this table in the UI and the text report file, please set the "Show Parameter Settings in Synthesis Report" option in "Analysis and Synthesis Settings -> More Settings" to "Off".


+----------------------------------------------------------------------------------------------+
; Parameter Settings for Inferred Entity Instance: Instr_Buffer:buffer|altsyncram:buffer_rtl_0 ;
+------------------------------------+----------------------+----------------------------------+
; Parameter Name                     ; Value                ; Type                             ;
+------------------------------------+----------------------+----------------------------------+
; BYTE_SIZE_BLOCK                    ; 8                    ; Untyped                          ;
; AUTO_CARRY_CHAINS                  ; ON                   ; AUTO_CARRY                       ;
; IGNORE_CARRY_BUFFERS               ; OFF                  ; IGNORE_CARRY                     ;
; AUTO_CASCADE_CHAINS                ; ON                   ; AUTO_CASCADE                     ;
; IGNORE_CASCADE_BUFFERS             ; OFF                  ; IGNORE_CASCADE                   ;
; WIDTH_BYTEENA                      ; 1                    ; Untyped                          ;
; OPERATION_MODE                     ; SINGLE_PORT          ; Untyped                          ;
; WIDTH_A                            ; 32                   ; Untyped                          ;
; WIDTHAD_A                          ; 4                    ; Untyped                          ;
; NUMWORDS_A                         ; 16                   ; Untyped                          ;
; OUTDATA_REG_A                      ; UNREGISTERED         ; Untyped                          ;
; ADDRESS_ACLR_A                     ; NONE                 ; Untyped                          ;
; OUTDATA_ACLR_A                     ; NONE                 ; Untyped                          ;
; WRCONTROL_ACLR_A                   ; NONE                 ; Untyped                          ;
; INDATA_ACLR_A                      ; NONE                 ; Untyped                          ;
; BYTEENA_ACLR_A                     ; NONE                 ; Untyped                          ;
; WIDTH_B                            ; 1                    ; Untyped                          ;
; WIDTHAD_B                          ; 1                    ; Untyped                          ;
; NUMWORDS_B                         ; 1                    ; Untyped                          ;
; INDATA_REG_B                       ; CLOCK1               ; Untyped                          ;
; WRCONTROL_WRADDRESS_REG_B          ; CLOCK1               ; Untyped                          ;
; RDCONTROL_REG_B                    ; CLOCK1               ; Untyped                          ;
; ADDRESS_REG_B                      ; CLOCK1               ; Untyped                          ;
; OUTDATA_REG_B                      ; UNREGISTERED         ; Untyped                          ;
; BYTEENA_REG_B                      ; CLOCK1               ; Untyped                          ;
; INDATA_ACLR_B                      ; NONE                 ; Untyped                          ;
; WRCONTROL_ACLR_B                   ; NONE                 ; Untyped                          ;
; ADDRESS_ACLR_B                     ; NONE                 ; Untyped                          ;
; OUTDATA_ACLR_B                     ; NONE                 ; Untyped                          ;
; RDCONTROL_ACLR_B                   ; NONE                 ; Untyped                          ;
; BYTEENA_ACLR_B                     ; NONE                 ; Untyped                          ;
; WIDTH_BYTEENA_A                    ; 1                    ; Untyped                          ;
; WIDTH_BYTEENA_B                    ; 1                    ; Untyped                          ;
; RAM_BLOCK_TYPE                     ; AUTO                 ; Untyped                          ;
; BYTE_SIZE                          ; 8                    ; Untyped                          ;
; READ_DURING_WRITE_MODE_MIXED_PORTS ; DONT_CARE            ; Untyped                          ;
; READ_DURING_WRITE_MODE_PORT_A      ; OLD_DATA             ; Untyped                          ;
; READ_DURING_WRITE_MODE_PORT_B      ; NEW_DATA_NO_NBE_READ ; Untyped                          ;
; INIT_FILE                          ; UNUSED               ; Untyped                          ;
; INIT_FILE_LAYOUT                   ; PORT_A               ; Untyped                          ;
; MAXIMUM_DEPTH                      ; 0                    ; Untyped                          ;
; CLOCK_ENABLE_INPUT_A               ; NORMAL               ; Untyped                          ;
; CLOCK_ENABLE_INPUT_B               ; NORMAL               ; Untyped                          ;
; CLOCK_ENABLE_OUTPUT_A              ; NORMAL               ; Untyped                          ;
; CLOCK_ENABLE_OUTPUT_B              ; NORMAL               ; Untyped                          ;
; CLOCK_ENABLE_CORE_A                ; USE_INPUT_CLKEN      ; Untyped                          ;
; CLOCK_ENABLE_CORE_B                ; USE_INPUT_CLKEN      ; Untyped                          ;
; ENABLE_ECC                         ; FALSE                ; Untyped                          ;
; ECC_PIPELINE_STAGE_ENABLED         ; FALSE                ; Untyped                          ;
; WIDTH_ECCSTATUS                    ; 3                    ; Untyped                          ;
; DEVICE_FAMILY                      ; Cyclone IV E         ; Untyped                          ;
; CBXI_PARAMETER                     ; altsyncram_1c81      ; Untyped                          ;
+------------------------------------+----------------------+----------------------------------+
Note: In order to hide this table in the UI and the text report file, please set the "Show Parameter Settings in Synthesis Report" option in "Analysis and Synthesis Settings -> More Settings" to "Off".


+----------------------------------------------------------------------------------------------------------------------------+
; Parameter Settings for Inferred Entity Instance: ESM_core:core|ESM_core_IIM:IIM_core|mapping_table:m_table|lpm_divide:Mod0 ;
+------------------------+----------------+----------------------------------------------------------------------------------+
; Parameter Name         ; Value          ; Type                                                                             ;
+------------------------+----------------+----------------------------------------------------------------------------------+
; LPM_WIDTHN             ; 4              ; Untyped                                                                          ;
; LPM_WIDTHD             ; 4              ; Untyped                                                                          ;
; LPM_NREPRESENTATION    ; UNSIGNED       ; Untyped                                                                          ;
; LPM_DREPRESENTATION    ; UNSIGNED       ; Untyped                                                                          ;
; LPM_PIPELINE           ; 0              ; Untyped                                                                          ;
; LPM_REMAINDERPOSITIVE  ; TRUE           ; Untyped                                                                          ;
; MAXIMIZE_SPEED         ; 5              ; Untyped                                                                          ;
; CBXI_PARAMETER         ; lpm_divide_i9m ; Untyped                                                                          ;
; CARRY_CHAIN            ; MANUAL         ; Untyped                                                                          ;
; OPTIMIZE_FOR_SPEED     ; 5              ; Untyped                                                                          ;
; AUTO_CARRY_CHAINS      ; ON             ; AUTO_CARRY                                                                       ;
; IGNORE_CARRY_BUFFERS   ; OFF            ; IGNORE_CARRY                                                                     ;
; AUTO_CASCADE_CHAINS    ; ON             ; AUTO_CASCADE                                                                     ;
; IGNORE_CASCADE_BUFFERS ; OFF            ; IGNORE_CASCADE                                                                   ;
+------------------------+----------------+----------------------------------------------------------------------------------+
Note: In order to hide this table in the UI and the text report file, please set the "Show Parameter Settings in Synthesis Report" option in "Analysis and Synthesis Settings -> More Settings" to "Off".


+-----------------------------------------------------------------------------------------+
; altsyncram Parameter Settings by Entity Instance                                        ;
+-------------------------------------------+---------------------------------------------+
; Name                                      ; Value                                       ;
+-------------------------------------------+---------------------------------------------+
; Number of entity instances                ; 1                                           ;
; Entity Instance                           ; Instr_Buffer:buffer|altsyncram:buffer_rtl_0 ;
;     -- OPERATION_MODE                     ; SINGLE_PORT                                 ;
;     -- WIDTH_A                            ; 32                                          ;
;     -- NUMWORDS_A                         ; 16                                          ;
;     -- OUTDATA_REG_A                      ; UNREGISTERED                                ;
;     -- WIDTH_B                            ; 1                                           ;
;     -- NUMWORDS_B                         ; 1                                           ;
;     -- ADDRESS_REG_B                      ; CLOCK1                                      ;
;     -- OUTDATA_REG_B                      ; UNREGISTERED                                ;
;     -- RAM_BLOCK_TYPE                     ; AUTO                                        ;
;     -- READ_DURING_WRITE_MODE_MIXED_PORTS ; DONT_CARE                                   ;
+-------------------------------------------+---------------------------------------------+


+---------------------------------------------------------------------------------+
; Port Connectivity Checks: "ESM_core:core|ESM_core_IIM:IIM_core|PRNG:random_num" ;
+------+-------+----------+-------------------------------------------------------+
; Port ; Type  ; Severity ; Details                                               ;
+------+-------+----------+-------------------------------------------------------+
; ce   ; Input ; Info     ; Stuck at VCC                                          ;
+------+-------+----------+-------------------------------------------------------+


+-----------------------------------------------------+
; Post-Synthesis Netlist Statistics for Top Partition ;
+-----------------------+-----------------------------+
; Type                  ; Count                       ;
+-----------------------+-----------------------------+
; boundary_port         ; 68                          ;
; cycloneiii_ff         ; 1433                        ;
;     CLR               ; 137                         ;
;     ENA CLR           ; 1296                        ;
; cycloneiii_lcell_comb ; 2504                        ;
;     arith             ; 7                           ;
;         3 data inputs ; 7                           ;
;     normal            ; 2497                        ;
;         0 data inputs ; 2                           ;
;         1 data inputs ; 287                         ;
;         2 data inputs ; 96                          ;
;         3 data inputs ; 105                         ;
;         4 data inputs ; 2007                        ;
; cycloneiii_ram_block  ; 32                          ;
;                       ;                             ;
; Max LUT depth         ; 16.00                       ;
; Average LUT depth     ; 6.45                        ;
+-----------------------+-----------------------------+


+-------------------------------+
; Elapsed Time Per Partition    ;
+----------------+--------------+
; Partition Name ; Elapsed Time ;
+----------------+--------------+
; Top            ; 00:00:03     ;
+----------------+--------------+


+-------------------------------+
; Analysis & Synthesis Messages ;
+-------------------------------+
Info: *******************************************************************
Info: Running Quartus Prime Analysis & Synthesis
    Info: Version 20.1.1 Build 720 11/11/2020 SJ Lite Edition
    Info: Processing started: Tue Feb 04 00:24:15 2025
Info: Command: quartus_map --read_settings_files=on --write_settings_files=off ESM -c ESM
Warning (18236): Number of processors has not been specified which may cause overloading on shared machines.  Set the global assignment NUM_PARALLEL_PROCESSORS in your QSF to an appropriate value for best performance.
Info (20030): Parallel compilation is enabled and will use 4 of the 4 processors detected
Info (12021): Found 1 design units, including 1 entities, in source file code/prng.v
    Info (12023): Found entity 1: PRNG File: C:/Users/nawaz/OneDrive/Desktop/pdf/winter intern/ESM-module/quarturs/code/PRNG.v Line: 1
Info (12021): Found 1 design units, including 1 entities, in source file code/mapping_table.v
    Info (12023): Found entity 1: mapping_table File: C:/Users/nawaz/OneDrive/Desktop/pdf/winter intern/ESM-module/quarturs/code/mapping_table.v Line: 2
Info (12021): Found 1 design units, including 1 entities, in source file code/irt.v
    Info (12023): Found entity 1: IRT File: C:/Users/nawaz/OneDrive/Desktop/pdf/winter intern/ESM-module/quarturs/code/IRT.v Line: 1
Info (12021): Found 1 design units, including 1 entities, in source file code/instr_buffer.v
    Info (12023): Found entity 1: Instr_Buffer File: C:/Users/nawaz/OneDrive/Desktop/pdf/winter intern/ESM-module/quarturs/code/Instr_Buffer.v Line: 1
Info (12021): Found 1 design units, including 1 entities, in source file code/idt.v
    Info (12023): Found entity 1: IDT File: C:/Users/nawaz/OneDrive/Desktop/pdf/winter intern/ESM-module/quarturs/code/IDT.v Line: 1
Info (12021): Found 1 design units, including 1 entities, in source file code/esm_core_iim.v
    Info (12023): Found entity 1: ESM_core_IIM File: C:/Users/nawaz/OneDrive/Desktop/pdf/winter intern/ESM-module/quarturs/code/ESM_core_IIM.v Line: 1
Info (12021): Found 1 design units, including 1 entities, in source file code/esm_core_ida.v
    Info (12023): Found entity 1: ESM_core_IDA File: C:/Users/nawaz/OneDrive/Desktop/pdf/winter intern/ESM-module/quarturs/code/ESM_core_IDA.v Line: 1
Info (12021): Found 1 design units, including 1 entities, in source file code/esm_core.v
    Info (12023): Found entity 1: ESM_core File: C:/Users/nawaz/OneDrive/Desktop/pdf/winter intern/ESM-module/quarturs/code/ESM_core.v Line: 1
Info (12021): Found 1 design units, including 1 entities, in source file code/esm.v
    Info (12023): Found entity 1: ESM File: C:/Users/nawaz/OneDrive/Desktop/pdf/winter intern/ESM-module/quarturs/code/ESM.v Line: 1
Info (12021): Found 1 design units, including 1 entities, in source file code/candidate_list.v
    Info (12023): Found entity 1: candidate_list File: C:/Users/nawaz/OneDrive/Desktop/pdf/winter intern/ESM-module/quarturs/code/candidate_list.v Line: 2
Info (12127): Elaborating entity "ESM" for the top level hierarchy
Info (12128): Elaborating entity "Instr_Buffer" for hierarchy "Instr_Buffer:buffer" File: C:/Users/nawaz/OneDrive/Desktop/pdf/winter intern/ESM-module/quarturs/code/ESM.v Line: 15
Info (12128): Elaborating entity "ESM_core" for hierarchy "ESM_core:core" File: C:/Users/nawaz/OneDrive/Desktop/pdf/winter intern/ESM-module/quarturs/code/ESM.v Line: 17
Info (12128): Elaborating entity "ESM_core_IDA" for hierarchy "ESM_core:core|ESM_core_IDA:IDA_core" File: C:/Users/nawaz/OneDrive/Desktop/pdf/winter intern/ESM-module/quarturs/code/ESM_core.v Line: 14
Info (12128): Elaborating entity "IRT" for hierarchy "ESM_core:core|ESM_core_IDA:IDA_core|IRT:irt" File: C:/Users/nawaz/OneDrive/Desktop/pdf/winter intern/ESM-module/quarturs/code/ESM_core_IDA.v Line: 18
Warning (10230): Verilog HDL assignment warning at IRT.v(27): truncated value with size 32 to match size of target (6) File: C:/Users/nawaz/OneDrive/Desktop/pdf/winter intern/ESM-module/quarturs/code/IRT.v Line: 27
Warning (10230): Verilog HDL assignment warning at IRT.v(34): truncated value with size 32 to match size of target (6) File: C:/Users/nawaz/OneDrive/Desktop/pdf/winter intern/ESM-module/quarturs/code/IRT.v Line: 34
Info (12128): Elaborating entity "IDT" for hierarchy "ESM_core:core|ESM_core_IDA:IDA_core|IDT:idt" File: C:/Users/nawaz/OneDrive/Desktop/pdf/winter intern/ESM-module/quarturs/code/ESM_core_IDA.v Line: 20
Info (12128): Elaborating entity "ESM_core_IIM" for hierarchy "ESM_core:core|ESM_core_IIM:IIM_core" File: C:/Users/nawaz/OneDrive/Desktop/pdf/winter intern/ESM-module/quarturs/code/ESM_core.v Line: 16
Info (12128): Elaborating entity "candidate_list" for hierarchy "ESM_core:core|ESM_core_IIM:IIM_core|candidate_list:c_list" File: C:/Users/nawaz/OneDrive/Desktop/pdf/winter intern/ESM-module/quarturs/code/ESM_core_IIM.v Line: 12
Info (12128): Elaborating entity "mapping_table" for hierarchy "ESM_core:core|ESM_core_IIM:IIM_core|mapping_table:m_table" File: C:/Users/nawaz/OneDrive/Desktop/pdf/winter intern/ESM-module/quarturs/code/ESM_core_IIM.v Line: 14
Warning (10230): Verilog HDL assignment warning at mapping_table.v(31): truncated value with size 32 to match size of target (4) File: C:/Users/nawaz/OneDrive/Desktop/pdf/winter intern/ESM-module/quarturs/code/mapping_table.v Line: 31
Warning (10230): Verilog HDL assignment warning at mapping_table.v(32): truncated value with size 32 to match size of target (4) File: C:/Users/nawaz/OneDrive/Desktop/pdf/winter intern/ESM-module/quarturs/code/mapping_table.v Line: 32
Warning (10230): Verilog HDL assignment warning at mapping_table.v(35): truncated value with size 32 to match size of target (4) File: C:/Users/nawaz/OneDrive/Desktop/pdf/winter intern/ESM-module/quarturs/code/mapping_table.v Line: 35
Warning (10230): Verilog HDL assignment warning at mapping_table.v(42): truncated value with size 32 to match size of target (4) File: C:/Users/nawaz/OneDrive/Desktop/pdf/winter intern/ESM-module/quarturs/code/mapping_table.v Line: 42
Info (12128): Elaborating entity "PRNG" for hierarchy "ESM_core:core|ESM_core_IIM:IIM_core|PRNG:random_num" File: C:/Users/nawaz/OneDrive/Desktop/pdf/winter intern/ESM-module/quarturs/code/ESM_core_IIM.v Line: 16
Info (19000): Inferred 1 megafunctions from design logic
    Info (276029): Inferred altsyncram megafunction from the following design logic: "Instr_Buffer:buffer|buffer_rtl_0" 
        Info (286033): Parameter OPERATION_MODE set to SINGLE_PORT
        Info (286033): Parameter WIDTH_A set to 32
        Info (286033): Parameter WIDTHAD_A set to 4
        Info (286033): Parameter NUMWORDS_A set to 16
        Info (286033): Parameter OUTDATA_REG_A set to UNREGISTERED
        Info (286033): Parameter ADDRESS_ACLR_A set to NONE
        Info (286033): Parameter OUTDATA_ACLR_A set to NONE
        Info (286033): Parameter READ_DURING_WRITE_MODE_PORT_A set to OLD_DATA
        Info (286033): Parameter INDATA_ACLR_A set to NONE
        Info (286033): Parameter WRCONTROL_ACLR_A set to NONE
Info (278001): Inferred 1 megafunctions from design logic
    Info (278004): Inferred divider/modulo megafunction ("lpm_divide") from the following logic: "ESM_core:core|ESM_core_IIM:IIM_core|mapping_table:m_table|Mod0" File: C:/Users/nawaz/OneDrive/Desktop/pdf/winter intern/ESM-module/quarturs/code/mapping_table.v Line: 42
Info (12130): Elaborated megafunction instantiation "Instr_Buffer:buffer|altsyncram:buffer_rtl_0"
Info (12133): Instantiated megafunction "Instr_Buffer:buffer|altsyncram:buffer_rtl_0" with the following parameter:
    Info (12134): Parameter "OPERATION_MODE" = "SINGLE_PORT"
    Info (12134): Parameter "WIDTH_A" = "32"
    Info (12134): Parameter "WIDTHAD_A" = "4"
    Info (12134): Parameter "NUMWORDS_A" = "16"
    Info (12134): Parameter "OUTDATA_REG_A" = "UNREGISTERED"
    Info (12134): Parameter "ADDRESS_ACLR_A" = "NONE"
    Info (12134): Parameter "OUTDATA_ACLR_A" = "NONE"
    Info (12134): Parameter "READ_DURING_WRITE_MODE_PORT_A" = "OLD_DATA"
    Info (12134): Parameter "INDATA_ACLR_A" = "NONE"
    Info (12134): Parameter "WRCONTROL_ACLR_A" = "NONE"
Info (12021): Found 1 design units, including 1 entities, in source file db/altsyncram_1c81.tdf
    Info (12023): Found entity 1: altsyncram_1c81 File: C:/Users/nawaz/OneDrive/Desktop/pdf/winter intern/ESM-module/quarturs/db/altsyncram_1c81.tdf Line: 28
Info (12130): Elaborated megafunction instantiation "ESM_core:core|ESM_core_IIM:IIM_core|mapping_table:m_table|lpm_divide:Mod0" File: C:/Users/nawaz/OneDrive/Desktop/pdf/winter intern/ESM-module/quarturs/code/mapping_table.v Line: 42
Info (12133): Instantiated megafunction "ESM_core:core|ESM_core_IIM:IIM_core|mapping_table:m_table|lpm_divide:Mod0" with the following parameter: File: C:/Users/nawaz/OneDrive/Desktop/pdf/winter intern/ESM-module/quarturs/code/mapping_table.v Line: 42
    Info (12134): Parameter "LPM_WIDTHN" = "4"
    Info (12134): Parameter "LPM_WIDTHD" = "4"
    Info (12134): Parameter "LPM_NREPRESENTATION" = "UNSIGNED"
    Info (12134): Parameter "LPM_DREPRESENTATION" = "UNSIGNED"
Info (12021): Found 1 design units, including 1 entities, in source file db/lpm_divide_i9m.tdf
    Info (12023): Found entity 1: lpm_divide_i9m File: C:/Users/nawaz/OneDrive/Desktop/pdf/winter intern/ESM-module/quarturs/db/lpm_divide_i9m.tdf Line: 25
Info (12021): Found 1 design units, including 1 entities, in source file db/sign_div_unsign_7kh.tdf
    Info (12023): Found entity 1: sign_div_unsign_7kh File: C:/Users/nawaz/OneDrive/Desktop/pdf/winter intern/ESM-module/quarturs/db/sign_div_unsign_7kh.tdf Line: 25
Info (12021): Found 1 design units, including 1 entities, in source file db/alt_u_div_24f.tdf
    Info (12023): Found entity 1: alt_u_div_24f File: C:/Users/nawaz/OneDrive/Desktop/pdf/winter intern/ESM-module/quarturs/db/alt_u_div_24f.tdf Line: 27
Info (12021): Found 1 design units, including 1 entities, in source file db/add_sub_7pc.tdf
    Info (12023): Found entity 1: add_sub_7pc File: C:/Users/nawaz/OneDrive/Desktop/pdf/winter intern/ESM-module/quarturs/db/add_sub_7pc.tdf Line: 23
Info (12021): Found 1 design units, including 1 entities, in source file db/add_sub_8pc.tdf
    Info (12023): Found entity 1: add_sub_8pc File: C:/Users/nawaz/OneDrive/Desktop/pdf/winter intern/ESM-module/quarturs/db/add_sub_8pc.tdf Line: 23
Info (13000): Registers with preset signals will power-up high File: C:/Users/nawaz/OneDrive/Desktop/pdf/winter intern/ESM-module/quarturs/code/PRNG.v Line: 12
Info (13003): DEV_CLRn pin will set, and not reset, register with preset signal due to NOT Gate Push-Back
Info (286030): Timing-Driven Synthesis is running
Info (16010): Generating hard_block partition "hard_block:auto_generated_inst"
    Info (16011): Adding 0 node(s), including 0 DDIO, 0 PLL, 0 transceiver and 0 LCELL
Info (21057): Implemented 3710 device resources after synthesis - the final resource count might be different
    Info (21058): Implemented 36 input pins
    Info (21059): Implemented 32 output pins
    Info (21061): Implemented 3610 logic cells
    Info (21064): Implemented 32 RAM segments
Info: Quartus Prime Analysis & Synthesis was successful. 0 errors, 7 warnings
    Info: Peak virtual memory: 4792 megabytes
    Info: Processing ended: Tue Feb 04 00:24:27 2025
    Info: Elapsed time: 00:00:12
    Info: Total CPU time (on all processors): 00:00:22


